../LWIP/Target/ethernetif.c:750:9:ETH_PHY_IO_DeInit	0	static
../LWIP/Target/ethernetif.c:383:14:low_level_output	72	static
../LWIP/Target/ethernetif.c:793:9:ETH_PHY_IO_GetTick	0	static
../LWIP/Target/ethernetif.c:733:9:ETH_PHY_IO_Init	8	static
../LWIP/Target/ethernetif.c:762:9:ETH_PHY_IO_ReadReg	8	static
../LWIP/Target/ethernetif.c:779:9:ETH_PHY_IO_WriteReg	8	static
../LWIP/Target/ethernetif.c:584:6:pbuf_free_custom	8	static
../LWIP/Target/ethernetif.c:476:13:ethernetif_input	40	static
../LWIP/Target/ethernetif.c:172:6:HAL_ETH_RxCpltCallback	0	static
../LWIP/Target/ethernetif.c:181:6:HAL_ETH_TxCpltCallback	0	static
../LWIP/Target/ethernetif.c:190:6:HAL_ETH_ErrorCallback	8	static
../LWIP/Target/ethernetif.c:533:7:ethernetif_init	184	static
../LWIP/Target/ethernetif.c:607:7:sys_now	0	static
../LWIP/Target/ethernetif.c:620:6:HAL_ETH_MspInit	72	static
../LWIP/Target/ethernetif.c:685:6:HAL_ETH_MspDeInit	8	static
../LWIP/Target/ethernetif.c:803:6:ethernet_link_thread	136	static
../LWIP/Target/ethernetif.c:874:6:HAL_ETH_RxAllocateCallback	16	static
../LWIP/Target/ethernetif.c:896:6:HAL_ETH_RxLinkCallback	12	static,ignoring_inline_asm
../LWIP/Target/ethernetif.c:936:6:HAL_ETH_TxFreeCallback	0	static
