../Middlewares/lvgl/src/themes/default/lv_theme_default.c:710:13:theme_apply	32	static
../Middlewares/lvgl/src/themes/default/../../../src/core/../misc/lv_style.h:551:20:lv_style_set_pad_gap	16	static
../Middlewares/lvgl/src/themes/default/../../../src/core/../misc/lv_style.h:545:20:lv_style_set_pad_ver	16	static
../Middlewares/lvgl/src/themes/default/../../../src/core/../misc/lv_style.h:539:20:lv_style_set_pad_hor	16	static
../Middlewares/lvgl/src/themes/default/../../../src/core/../misc/lv_style.h:531:20:lv_style_set_pad_all	16	static
../Middlewares/lvgl/src/themes/default/lv_theme_default.c:1207:13:style_init_reset	0	static
../Middlewares/lvgl/src/themes/default/lv_theme_default.c:677:6:lv_theme_default_deinit	16	static
../Middlewares/lvgl/src/themes/default/lv_theme_default.c:703:6:lv_theme_default_is_inited	0	static
../Middlewares/lvgl/src/themes/default/lv_theme_default.c:624:14:lv_theme_default_init	112	static
../Middlewares/lvgl/src/themes/default/lv_theme_default.c:694:14:lv_theme_default_get	8	static
