../Middlewares/lvgl/src/widgets/image/lv_image.c:639:13:lv_image_constructor	16	static
../Middlewares/lvgl/src/widgets/image/lv_image.c:665:13:lv_image_destructor	8	static
../Middlewares/lvgl/src/widgets/image/lv_image.c:139:12:lv_image_create	8	static
../Middlewares/lvgl/src/widgets/image/lv_image.c:262:6:lv_image_set_offset_x	0	static
../Middlewares/lvgl/src/widgets/image/lv_image.c:272:6:lv_image_set_offset_y	0	static
../Middlewares/lvgl/src/widgets/image/lv_image.c:418:6:lv_image_set_blend_mode	0	static
../Middlewares/lvgl/src/widgets/image/lv_image.c:432:6:lv_image_set_antialias	0	static
../Middlewares/lvgl/src/widgets/image/lv_image.c:462:6:lv_image_set_bitmap_map_src	0	static
../Middlewares/lvgl/src/widgets/image/lv_image.c:474:14:lv_image_get_src	0	static
../Middlewares/lvgl/src/widgets/image/lv_image.c:483:9:lv_image_get_offset_x	0	static
../Middlewares/lvgl/src/widgets/image/lv_image.c:492:9:lv_image_get_offset_y	0	static
../Middlewares/lvgl/src/widgets/image/lv_image.c:501:9:lv_image_get_rotation	0	static
../Middlewares/lvgl/src/widgets/image/lv_image.c:510:6:lv_image_get_pivot	16	static
../Middlewares/lvgl/src/widgets/image/lv_image.c:919:13:scale_update	72	static
../Middlewares/lvgl/src/widgets/image/lv_image.c:370:6:lv_image_set_scale	0	static
../Middlewares/lvgl/src/widgets/image/lv_image.c:386:6:lv_image_set_scale_x	0	static
../Middlewares/lvgl/src/widgets/image/lv_image.c:402:6:lv_image_set_scale_y	0	static
../Middlewares/lvgl/src/widgets/image/lv_image.c:282:6:lv_image_set_rotation	64	static
../Middlewares/lvgl/src/widgets/image/lv_image.c:327:6:lv_image_set_pivot	64	static
../Middlewares/lvgl/src/widgets/image/lv_image.c:954:13:update_align	16	static
../Middlewares/lvgl/src/widgets/image/lv_image.c:151:6:lv_image_set_src	64	static
../Middlewares/lvgl/src/widgets/image/lv_image.c:443:6:lv_image_set_inner_align	16	static
../Middlewares/lvgl/src/widgets/image/lv_image.c:676:13:lv_image_event	208	static
../Middlewares/lvgl/src/widgets/image/lv_image.c:520:9:lv_image_get_scale	0	static
../Middlewares/lvgl/src/widgets/image/lv_image.c:529:9:lv_image_get_scale_x	0	static
../Middlewares/lvgl/src/widgets/image/lv_image.c:538:9:lv_image_get_scale_y	0	static
../Middlewares/lvgl/src/widgets/image/lv_image.c:547:9:lv_image_get_src_width	8	static
../Middlewares/lvgl/src/widgets/image/lv_image.c:557:9:lv_image_get_src_height	8	static
../Middlewares/lvgl/src/widgets/image/lv_image.c:567:9:lv_image_get_transformed_width	56	static
../Middlewares/lvgl/src/widgets/image/lv_image.c:583:9:lv_image_get_transformed_height	56	static
../Middlewares/lvgl/src/widgets/image/lv_image.c:599:17:lv_image_get_blend_mode	0	static
../Middlewares/lvgl/src/widgets/image/lv_image.c:608:6:lv_image_get_antialias	0	static
../Middlewares/lvgl/src/widgets/image/lv_image.c:617:18:lv_image_get_inner_align	0	static
../Middlewares/lvgl/src/widgets/image/lv_image.c:626:24:lv_image_get_bitmap_map_src	0	static
