../Middlewares/lvgl/src/widgets/arc/lv_arc.c:832:27:get_angle	16	static
../Middlewares/lvgl/src/widgets/arc/lv_arc.c:965:13:lv_arc_angle_within_bg_bounds	12	static
../Middlewares/lvgl/src/widgets/arc/../../core/lv_obj_style_gen.h:496:23:lv_obj_get_style_arc_width	16	static
../Middlewares/lvgl/src/widgets/arc/../../core/lv_obj_style_gen.h:166:23:lv_obj_get_style_pad_left	16	static
../Middlewares/lvgl/src/widgets/arc/../../core/lv_obj_style_gen.h:172:23:lv_obj_get_style_pad_right	16	static
../Middlewares/lvgl/src/widgets/arc/../../core/lv_obj_style_gen.h:154:23:lv_obj_get_style_pad_top	16	static
../Middlewares/lvgl/src/widgets/arc/../../core/lv_obj_style_gen.h:160:23:lv_obj_get_style_pad_bottom	16	static
../Middlewares/lvgl/src/widgets/arc/lv_arc.c:816:13:get_center	40	static
../Middlewares/lvgl/src/widgets/arc/lv_arc.c:857:13:get_knob_area	48	static
../Middlewares/lvgl/src/widgets/arc/lv_arc.c:412:13:lv_arc_constructor	16	static
../Middlewares/lvgl/src/widgets/arc/lv_arc.c:765:13:inv_arc_area	72	static
../Middlewares/lvgl/src/widgets/arc/lv_arc.c:928:16:knob_get_extra_size	24	static
../Middlewares/lvgl/src/widgets/arc/lv_arc.c:798:13:inv_knob_area	40	static
../Middlewares/lvgl/src/widgets/arc/lv_arc.c:74:12:lv_arc_create	8	static
../Middlewares/lvgl/src/widgets/arc/lv_arc.c:94:6:lv_arc_set_start_angle	16	static
../Middlewares/lvgl/src/widgets/arc/lv_arc.c:118:6:lv_arc_set_end_angle	16	static
../Middlewares/lvgl/src/widgets/arc/lv_arc.c:141:6:lv_arc_set_angles	16	static
../Middlewares/lvgl/src/widgets/arc/lv_arc.c:883:13:value_update	32	static
../Middlewares/lvgl/src/widgets/arc/lv_arc.c:147:6:lv_arc_set_bg_start_angle	16	static
../Middlewares/lvgl/src/widgets/arc/lv_arc.c:169:6:lv_arc_set_bg_end_angle	16	static
../Middlewares/lvgl/src/widgets/arc/lv_arc.c:191:6:lv_arc_set_bg_angles	16	static
../Middlewares/lvgl/src/widgets/arc/lv_arc.c:197:6:lv_arc_set_rotation	0	static
../Middlewares/lvgl/src/widgets/arc/lv_arc.c:239:6:lv_arc_set_value	4	static
../Middlewares/lvgl/src/widgets/arc/lv_arc.c:443:13:lv_arc_event	248	static
../Middlewares/lvgl/src/widgets/arc/lv_arc.c:210:6:lv_arc_set_mode	16	static
../Middlewares/lvgl/src/widgets/arc/lv_arc.c:256:6:lv_arc_set_range	0	static
../Middlewares/lvgl/src/widgets/arc/lv_arc.c:276:6:lv_arc_set_change_rate	0	static
../Middlewares/lvgl/src/widgets/arc/lv_arc.c:284:6:lv_arc_set_knob_offset	0	static
../Middlewares/lvgl/src/widgets/arc/lv_arc.c:296:20:lv_arc_get_angle_start	0	static
../Middlewares/lvgl/src/widgets/arc/lv_arc.c:302:20:lv_arc_get_angle_end	0	static
../Middlewares/lvgl/src/widgets/arc/lv_arc.c:308:20:lv_arc_get_bg_angle_start	0	static
../Middlewares/lvgl/src/widgets/arc/lv_arc.c:314:20:lv_arc_get_bg_angle_end	0	static
../Middlewares/lvgl/src/widgets/arc/lv_arc.c:320:9:lv_arc_get_value	0	static
../Middlewares/lvgl/src/widgets/arc/lv_arc.c:326:9:lv_arc_get_min_value	0	static
../Middlewares/lvgl/src/widgets/arc/lv_arc.c:332:9:lv_arc_get_max_value	0	static
../Middlewares/lvgl/src/widgets/arc/lv_arc.c:338:15:lv_arc_get_mode	0	static
../Middlewares/lvgl/src/widgets/arc/lv_arc.c:344:9:lv_arc_get_rotation	0	static
../Middlewares/lvgl/src/widgets/arc/lv_arc.c:350:9:lv_arc_get_knob_offset	0	static
../Middlewares/lvgl/src/widgets/arc/lv_arc.c:360:6:lv_arc_align_obj_to_angle	48	static
../Middlewares/lvgl/src/widgets/arc/lv_arc.c:381:6:lv_arc_rotate_obj_to_angle	48	static
