../Middlewares/lvgl/src/widgets/label/lv_label.c:1248:13:set_ofs_y_anim	0	static
../Middlewares/lvgl/src/widgets/label/lv_label.c:1241:13:set_ofs_x_anim	0	static
../Middlewares/lvgl/src/widgets/label/lv_label.c:742:13:lv_label_destructor	8	static
../Middlewares/lvgl/src/widgets/label/lv_label.c:1294:13:calculate_x_coordinate	32	static
../Middlewares/lvgl/src/widgets/label/lv_label.c:917:13:overwrite_anim_property	0	static
../Middlewares/lvgl/src/widgets/label/lv_label.c:1212:13:lv_label_revert_dots	12	static
../Middlewares/lvgl/src/widgets/label/lv_label.c:1223:13:lv_label_set_dots	16	static
../Middlewares/lvgl/src/widgets/label/../../core/lv_obj_style_gen.h:562:23:lv_obj_get_style_text_line_space.constprop	16	static
../Middlewares/lvgl/src/widgets/label/../../core/lv_obj_style_gen.h:556:23:lv_obj_get_style_text_letter_space.constprop	16	static
../Middlewares/lvgl/src/widgets/label/../../core/lv_obj_style_gen.h:550:33:lv_obj_get_style_text_font.constprop	16	static
../Middlewares/lvgl/src/widgets/label/lv_label.c:1276:23:get_label_flags	24	static
../Middlewares/lvgl/src/widgets/label/lv_label.c:121:12:lv_label_create	8	static
../Middlewares/lvgl/src/widgets/label/lv_label.c:242:6:lv_label_set_text_selection_start	0	static
../Middlewares/lvgl/src/widgets/label/lv_label.c:256:6:lv_label_set_text_selection_end	0	static
../Middlewares/lvgl/src/widgets/label/lv_label.c:287:8:lv_label_get_text	0	static
../Middlewares/lvgl/src/widgets/label/lv_label.c:294:22:lv_label_get_long_mode	0	static
../Middlewares/lvgl/src/widgets/label/lv_label.c:301:6:lv_label_get_letter_pos	120	static
../Middlewares/lvgl/src/widgets/label/lv_label.c:409:10:lv_label_get_letter_on	128	static
../Middlewares/lvgl/src/widgets/label/lv_label.c:946:13:lv_label_refr_text	176	static
../Middlewares/lvgl/src/widgets/label/lv_label.c:133:6:lv_label_set_text	24	static
../Middlewares/lvgl/src/widgets/label/lv_label.c:175:6:lv_label_set_text_fmt	28	static
../Middlewares/lvgl/src/widgets/label/lv_label.c:203:6:lv_label_set_text_static	16	static
../Middlewares/lvgl/src/widgets/label/lv_label.c:221:6:lv_label_set_long_mode	16	static
../Middlewares/lvgl/src/widgets/label/lv_label.c:710:13:lv_label_constructor	16	static
../Middlewares/lvgl/src/widgets/label/lv_label.c:270:6:lv_label_set_recolor	4	static
../Middlewares/lvgl/src/widgets/label/lv_label.c:751:13:lv_label_event	216	static
../Middlewares/lvgl/src/widgets/label/lv_label.c:538:6:lv_label_is_char_under_pos	112	static
../Middlewares/lvgl/src/widgets/label/lv_label.c:622:10:lv_label_get_text_selection_start	0	static
../Middlewares/lvgl/src/widgets/label/lv_label.c:635:10:lv_label_get_text_selection_end	0	static
../Middlewares/lvgl/src/widgets/label/lv_label.c:648:6:lv_label_get_recolor	0	static
../Middlewares/lvgl/src/widgets/label/lv_label.c:660:6:lv_label_ins_text	24	static
../Middlewares/lvgl/src/widgets/label/lv_label.c:688:6:lv_label_cut_text	16	static
