../Middlewares/lvgl/src/core/../misc/lv_style.h:467:30:lv_style_get_prop_inlined	16	static
../Middlewares/lvgl/src/core/lv_obj_style.c:760:23:get_prop_core	48	static
../Middlewares/lvgl/src/core/lv_obj_style.c:1123:23:get_selector_style_prop	24	static
../Middlewares/lvgl/src/core/lv_obj_style.c:841:13:refresh_children_style	24	static
../Middlewares/lvgl/src/core/lv_obj_style.c:1090:13:fade_anim_cb	0	static
../Middlewares/lvgl/src/core/lv_obj_style.c:864:13:trans_delete.isra	40	static
../Middlewares/lvgl/src/core/lv_obj_style.c:733:25:get_trans_style	24	static
../Middlewares/lvgl/src/core/lv_obj_style.c:1100:13:style_has_flag.constprop	16	static
../Middlewares/lvgl/src/core/lv_obj_style.c:84:6:lv_obj_style_init	0	static
../Middlewares/lvgl/src/core/lv_obj_style.c:89:6:lv_obj_style_deinit	8	static
../Middlewares/lvgl/src/core/lv_obj_style.c:325:6:lv_obj_enable_style_refresh	0	static
../Middlewares/lvgl/src/core/lv_obj_style.c:330:18:lv_obj_get_style_prop	24	static
../Middlewares/lvgl/src/core/lv_obj_style.c:344:6:lv_obj_has_style_prop	16	static
../Middlewares/lvgl/src/core/lv_obj_style.c:386:16:lv_obj_get_local_style_prop	20	static
../Middlewares/lvgl/src/core/lv_obj_style.c:480:18:lv_obj_style_apply_color_filter	16	static
../Middlewares/lvgl/src/core/lv_obj_style.c:497:22:lv_obj_style_state_compare	40	static
../Middlewares/lvgl/src/core/lv_obj_style.c:558:6:lv_obj_fade_in	112	static
../Middlewares/lvgl/src/core/lv_obj_style.c:571:6:lv_obj_fade_out	120	static
../Middlewares/lvgl/src/core/lv_obj_style.c:583:17:lv_obj_calculate_style_text_align	24	static
../Middlewares/lvgl/src/core/lv_obj_style.c:591:10:lv_obj_get_style_opa_recursive	24	static
../Middlewares/lvgl/src/core/lv_obj_style.c:639:6:lv_obj_update_layer_type	24	static
../Middlewares/lvgl/src/core/lv_obj_style.c:275:6:lv_obj_refresh_style	48	static
../Middlewares/lvgl/src/core/lv_obj_style.c:157:6:lv_obj_replace_style	48	static
../Middlewares/lvgl/src/core/lv_obj_style.c:203:6:lv_obj_remove_style	40	static
../Middlewares/lvgl/src/core/lv_obj_style.c:256:6:lv_obj_remove_style_all	0	static
../Middlewares/lvgl/src/core/lv_obj_style.c:986:13:trans_anim_completed_cb	24	static
../Middlewares/lvgl/src/core/lv_obj_style.c:98:6:lv_obj_add_style	24	static
../Middlewares/lvgl/src/core/lv_obj_style.c:819:13:report_style_change_core	24	static
../Middlewares/lvgl/src/core/lv_obj_style.c:261:6:lv_obj_report_style_change	16	static
../Middlewares/lvgl/src/core/lv_obj_style.c:357:6:lv_obj_set_local_style_prop	40	static
../Middlewares/lvgl/src/core/lv_obj_style.c:400:6:lv_obj_remove_local_style_prop	24	static
../Middlewares/lvgl/src/core/lv_obj_style.c:1095:13:fade_in_anim_completed	0	static
../Middlewares/lvgl/src/core/lv_obj_style.c:425:6:lv_obj_style_create_transition	136	static
../Middlewares/lvgl/src/core/lv_obj_style.c:963:13:trans_anim_start_cb	16	static
../Middlewares/lvgl/src/core/lv_obj_style.c:898:13:trans_anim_cb	32	static
../Middlewares/lvgl/src/core/lv_obj_style.c:649:14:lv_obj_style_apply_recolor	32	static
../Middlewares/lvgl/src/core/lv_obj_style.c:660:14:lv_obj_get_style_recolor_recursive	32	static
