../Middlewares/lvgl/src/core/lv_refr.c:1415:13:wait_for_flushing	8	static
../Middlewares/lvgl/src/core/lv_refr.c:1347:13:draw_buf_flush	32	static
../Middlewares/lvgl/src/core/lv_refr.c:666:13:layer_reshape_draw_buf	32	static
../Middlewares/lvgl/src/core/lv_refr.c:911:19:lv_refr_get_top_obj	24	static
../Middlewares/lvgl/src/core/lv_refr.c:75:6:lv_refr_init	0	static
../Middlewares/lvgl/src/core/lv_refr.c:79:6:lv_refr_deinit	0	static
../Middlewares/lvgl/src/core/lv_refr.c:100:6:lv_obj_redraw	320	static
../Middlewares/lvgl/src/core/lv_refr.c:1188:13:refr_obj	240	static
../Middlewares/lvgl/src/core/lv_refr.c:952:13:refr_obj_and_children	32	static
../Middlewares/lvgl/src/core/lv_refr.c:787:13:refr_configured_layer	40	static
../Middlewares/lvgl/src/core/lv_refr.c:682:13:refr_area	80	static
../Middlewares/lvgl/src/core/lv_refr.c:260:6:lv_inv_area	48	static
../Middlewares/lvgl/src/core/lv_refr.c:337:16:lv_refr_get_disp_refreshing	0	static
../Middlewares/lvgl/src/core/lv_refr.c:346:6:lv_refr_set_disp_refreshing	0	static
../Middlewares/lvgl/src/core/lv_refr.c:351:6:lv_display_refr_timer	136	static
../Middlewares/lvgl/src/core/lv_refr.c:83:6:lv_refr_now	8	static
