../Core/Src/ax_eeprom_task.c:103:6:eeprom_load_factory	0	static
../Core/Src/ax_eeprom_task.c:109:6:eeprom_save_sys	48	static
../Core/Src/ax_eeprom_task.c:38:6:eeprom_save_facotry	32	static
../Core/Src/ax_eeprom_task.c:143:6:eeprom_load_sys	56	static
../Core/Src/ax_eeprom_task.c:16:6:eeprom_test1	8	static
../Core/Src/ax_eeprom_task.c:194:6:eeprom_save_user	16	static
../Core/Src/ax_eeprom_task.c:206:6:eeprom_load_user	168	static
../Core/Src/ax_eeprom_task.c:254:6:eeprom_load_page	40	static
../Core/Src/ax_eeprom_task.c:287:6:eeprom_load_page_all	8	static
