../Core/Src/ax_mcu_if.c:170:6:mcu_set_fcs.part.0	0	static
../Core/Src/ax_mcu_if.c:188:6:mcu_set_ale.part.0	0	static
../Core/Src/ax_mcu_if.c:12:6:mcu_set_dout	40	static
../Core/Src/ax_mcu_if.c:53:6:mcu_set_din	32	static
../Core/Src/ax_mcu_if.c:92:6:mcu_set_data16	8	static
../Core/Src/ax_mcu_if.c:146:10:mcu_get_data16	8	static
../Core/Src/ax_mcu_if.c:170:6:mcu_set_fcs	0	static
../Core/Src/ax_mcu_if.c:176:6:mcu_set_wen	0	static
../Core/Src/ax_mcu_if.c:182:6:mcu_set_ren	0	static
../Core/Src/ax_mcu_if.c:188:6:mcu_set_ale	0	static
../Core/Src/ax_mcu_if.c:195:6:mcu_write16	16	static
../Core/Src/ax_mcu_if.c:215:10:mcu_read16	8	static
../Core/Src/ax_mcu_if.c:241:6:mcu_write_channel_con	16	static
../Core/Src/ax_mcu_if.c:249:6:mcu_read_channel_con	16	static
