../Core/Src/main.c:871:6:StartDefaultTask	24	static,ignoring_inline_asm
../Core/Src/main.c:266:6:SystemClock_Config	128	static,ignoring_inline_asm
../Core/Src/main.c:130:5:main	128	static,ignoring_inline_asm
../Core/Src/main.c:366:6:HAL_UART_RxCpltCallback	0	static
../Core/Src/main.c:840:6:HAL_UART_ErrorCallback	8	static
../Core/Src/main.c:855:6:HAL_UART_AbortCpltCallback	0	static
../Core/Src/main.c:1029:6:HAL_TIM_PeriodElapsedCallback	0	static
../Core/Src/main.c:1047:6:Error_Handler	0	static,ignoring_inline_asm
../Core/Src/main.c:1065:6:assert_failed	0	static
