/Users/alrenm3/work/Ihill/UB100/firmware/STM32H743ZIT6/Middlewares/lvgl/src/core/../misc/lv_style.h:531:20:lv_style_set_pad_all	16	static
/Users/alrenm3/work/Ihill/UB100/firmware/STM32H743ZIT6/Middlewares/lvgl/src/lv_api_map_v8.h:86:20:lv_obj_move_foreground	8	static
../Core/Src/widgets.c:355:13:encoder_group_rebuild	16	static
/Users/alrenm3/work/Ihill/UB100/firmware/STM32H743ZIT6/Middlewares/lvgl/src/core/lv_obj_style.h:196:20:lv_obj_set_style_pad_all.constprop	8	static
../Core/Src/widgets.c:139:13:update_slot_label	32	static
../Core/Src/widgets.c:123:15:get_trigger_con	0	static
../Core/Src/widgets.c:131:14:get_sequence_con	0	static
../Core/Src/widgets.c:265:12:make_info_label	24	static
../Core/Src/widgets.c:273:12:make_btn	16	static
../Core/Src/widgets.c:291:6:table_format_cell	40	static
../Core/Src/widgets.c:373:6:widgets_update_ip_label	56	static
../Core/Src/widgets.c:385:15:widgets_create_strobe_screen	192	static
../Core/Src/widgets.c:547:6:widgets_bind_encoder	16	static
../Core/Src/widgets.c:569:6:widgets_table_set_channel_count	16	static
../Core/Src/widgets.c:585:6:widgets_table_set_cell	4	static
../Core/Src/widgets.c:594:6:widgets_destroy_strobe_screen	8	static
../Core/Src/widgets.c:611:6:widgets_table_refresh	24	static
../Core/Src/widgets.c:157:13:hotkey_poll_cb	8	static
