../Middlewares/lvgl/src/font/lv_binfont_loader.c:715:13:binfont_font_free_src_cb	8	static
../Middlewares/lvgl/src/font/lv_binfont_loader.c:700:15:binfont_font_dup_src_cb	16	static
../Middlewares/lvgl/src/font/lv_binfont_loader.c:186:21:read_bits	32	static
../Middlewares/lvgl/src/font/lv_binfont_loader.c:217:12:read_label	24	static
../Middlewares/lvgl/src/font/lv_binfont_loader.c:133:6:lv_binfont_destroy	24	static
../Middlewares/lvgl/src/font/lv_binfont_loader.c:695:13:binfont_font_delete_cb	0	static
../Middlewares/lvgl/src/font/lv_binfont_loader.c:580:9:load_kern	56	static
../Middlewares/lvgl/src/font/lv_binfont_loader.c:96:13:lv_binfont_create	144	static
../Middlewares/lvgl/src/font/lv_binfont_loader.c:676:20:binfont_font_create_cb	0	static
