../Middlewares/lvgl/src/font/lv_font_fmt_txt.c:387:12:kern_pair_8_compare	0	static
../Middlewares/lvgl/src/font/lv_font_fmt_txt.c:397:12:kern_pair_16_compare	0	static
../Middlewares/lvgl/src/font/lv_font_fmt_txt.c:617:12:unicode_list_compare	0	static
../Middlewares/lvgl/src/font/lv_font_fmt_txt.c:622:20:builtin_font_create_cb	8	static
../Middlewares/lvgl/src/font/lv_font_fmt_txt.c:641:13:builtin_font_delete_cb	0	static
../Middlewares/lvgl/src/font/lv_font_fmt_txt.c:675:13:builtin_font_free_src_cb	0	static
../Middlewares/lvgl/src/font/lv_font_fmt_txt.c:647:15:builtin_font_dup_src_cb	16	static
../Middlewares/lvgl/src/font/lv_font_fmt_txt.c:278:17:get_glyph_dsc_id.part.0.isra	40	static
../Middlewares/lvgl/src/font/lv_font_fmt_txt.c:90:14:lv_font_get_bitmap_fmt_txt	32	static
../Middlewares/lvgl/src/font/lv_font_fmt_txt.c:221:6:lv_font_get_glyph_dsc_fmt_txt	48	static
