../Middlewares/lvgl/src/widgets/roller/lv_roller.c:874:13:set_y_anim	0	static
../Middlewares/lvgl/src/widgets/roller/../../core/lv_obj_style_gen.h:550:33:lv_obj_get_style_text_font	16	static
../Middlewares/lvgl/src/widgets/roller/lv_roller.c:850:19:get_label	0	static
../Middlewares/lvgl/src/widgets/roller/../../core/lv_obj_style_gen.h:562:23:lv_obj_get_style_text_line_space.constprop	16	static
../Middlewares/lvgl/src/widgets/roller/lv_roller.c:650:13:get_sel_area	40	static
../Middlewares/lvgl/src/widgets/roller/lv_roller.c:823:13:inf_normalize	24	static
../Middlewares/lvgl/src/widgets/roller/lv_roller.c:868:13:scroll_anim_completed_cb	8	static
../Middlewares/lvgl/src/widgets/roller/lv_roller.c:674:13:refr_position	128	static
../Middlewares/lvgl/src/widgets/roller/lv_roller.c:516:13:draw_main	248	static
../Middlewares/lvgl/src/widgets/roller/lv_roller.c:879:13:transform_vect_recursive	48	static
../Middlewares/lvgl/src/widgets/roller/lv_roller.c:855:16:get_selected_label_width	40	static
../Middlewares/lvgl/src/widgets/roller/lv_roller.c:485:13:lv_roller_label_event	224	static
../Middlewares/lvgl/src/widgets/roller/lv_roller.c:116:12:lv_roller_create	8	static
../Middlewares/lvgl/src/widgets/roller/lv_roller.c:128:6:lv_roller_set_options	48	static
../Middlewares/lvgl/src/widgets/roller/lv_roller.c:334:13:lv_roller_constructor	16	static
../Middlewares/lvgl/src/widgets/roller/lv_roller.c:189:6:lv_roller_set_selected	16	static
../Middlewares/lvgl/src/widgets/roller/lv_roller.c:356:13:lv_roller_event	56	static
../Middlewares/lvgl/src/widgets/roller/lv_roller.c:250:6:lv_roller_set_visible_row_count	32	static
../Middlewares/lvgl/src/widgets/roller/lv_roller.c:264:10:lv_roller_get_selected	0	static
../Middlewares/lvgl/src/widgets/roller/lv_roller.c:278:6:lv_roller_get_selected_str	24	static
../Middlewares/lvgl/src/widgets/roller/lv_roller.c:310:14:lv_roller_get_options	8	static
../Middlewares/lvgl/src/widgets/roller/lv_roller.c:223:6:lv_roller_set_selected_str	32	static
../Middlewares/lvgl/src/widgets/roller/lv_roller.c:317:10:lv_roller_get_option_count	0	static
