/Users/alrenm3/work/Ihill/UB100/firmware/STM32H743ZIT6/Middlewares/lvgl/src/core/lv_obj_style.h:196:20:lv_obj_set_style_pad_all	24	static
../Core/Src/ch_win.c:4:6:CH_open	136	static
../Core/Src/ch_win.c:197:6:table_build	112	static
../Core/Src/ch_win.c:282:12:table_cell_label	32	static
../Core/Src/ch_win.c:293:6:table_row_event_cb	40	static
../Core/Src/ch_win.c:326:12:table_btn_label	16	static
../Core/Src/ch_win.c:331:12:table_cell_btn	32	static
../Core/Src/ch_win.c:353:6:CHPannel_mask_event_cb	24	static
../Core/Src/ch_win.c:362:6:chk_save_all_event_cb	24	static
../Core/Src/ch_win.c:371:12:ch_make_item	32	static
../Core/Src/ch_win.c:396:6:ch_item_event_cb	32	static
../Core/Src/ch_win.c:417:6:CHPannel_close_btn_cb	24	static
../Core/Src/ch_win.c:437:6:ch_edit_timer_cb	72	static
../Core/Src/ch_win.c:514:6:ch_panel_refresh	144	static
../Core/Src/ch_win.c:557:6:CHPannel_close	32	static
../Core/Src/ch_win.c:598:6:ch_apply_to_all	40	static
../Core/Src/ch_win.c:638:6:table_refresh_all	24	static
../Core/Src/ch_win.c:653:5:enc_abs	16	static
../Core/Src/ch_win.c:658:5:calc_encoder_step	32	static
../Core/Src/ch_win.c:680:5:ch_get_focused_field	24	static
../Core/Src/ch_win.c:690:15:ui_get_active_trig_con	24	static
../Core/Src/ch_win.c:712:6:trig_mode_to_char	16	static
../Core/Src/ch_win.c:717:9:trig_char_to_mode	16	static
