../Core/Src/main.c:130:5:main	64	static,ignoring_inline_asm
../Core/Src/main.c:266:6:SystemClock_Config	120	static
../Core/Src/main.c:322:13:MX_DMA2D_Init	8	static
../Core/Src/main.c:357:13:MX_NVIC_Init	8	static
../Core/Src/main.c:366:6:HAL_UART_RxCpltCallback	16	static
../Core/Src/main.c:382:13:MX_I2C4_Init	8	static
../Core/Src/main.c:430:13:MX_LTDC_Init	64	static
../Core/Src/main.c:492:13:MX_USART1_UART_Init	8	static
../Core/Src/main.c:540:13:MX_USART2_UART_Init	8	static
../Core/Src/main.c:584:13:MX_FMC_Init	56	static
../Core/Src/main.c:717:13:MX_GPIO_Init	64	static
../Core/Src/main.c:840:6:HAL_UART_ErrorCallback	24	static
../Core/Src/main.c:855:6:HAL_UART_AbortCpltCallback	16	static
../Core/Src/main.c:871:6:StartDefaultTask	64	static,ignoring_inline_asm
../Core/Src/main.c:945:6:MPU_Config	24	static
../Core/Src/main.c:1029:6:HAL_TIM_PeriodElapsedCallback	16	static
../Core/Src/main.c:1047:6:Error_Handler	4	static,ignoring_inline_asm
../Core/Src/main.c:1065:6:assert_failed	16	static
