../Core/Src/main.c:121:6:LCD_DrawColorBar	48	static,ignoring_inline_asm
../Core/Src/main.c:147:6:LCD_TestHorizontalBars	40	static,ignoring_inline_asm
../Core/Src/main.c:162:6:Draw_Screen	40	static,ignoring_inline_asm
../Core/Src/main.c:173:6:sdram_test	40	static,ignoring_inline_asm
../Core/Src/main.c:211:13:PeriphCommonClock_Config	208	static
../Core/Src/main.c:258:17:SDRAM_RefreshCount_IS42S16400J	72	static
../Core/Src/main.c:270:17:FMC_GetKernelClock_Hz	32	static
../Core/Src/main.c:284:6:SDRAM_VerifyFrameBuffer	48	static
../Core/Src/main.c:311:6:SDRAM_AddressAliasingTest	16	static,ignoring_inline_asm
../Core/Src/main.c:366:5:main	56	static,ignoring_inline_asm
../Core/Src/main.c:496:6:SystemClock_Config	120	static
../Core/Src/main.c:555:13:MX_DMA2D_Init	8	static
../Core/Src/main.c:595:13:MX_I2C4_Init	8	static
../Core/Src/main.c:643:13:MX_LTDC_Init	256	static
../Core/Src/main.c:748:13:MX_USART1_UART_Init	8	static
../Core/Src/main.c:796:13:MX_USART2_UART_Init	8	static
../Core/Src/main.c:840:13:MX_FMC_Init	56	static
../Core/Src/main.c:974:13:MX_GPIO_Init	64	static
../Core/Src/main.c:1064:6:StartDefaultTask	48	static,ignoring_inline_asm
../Core/Src/main.c:1142:6:MPU_Config	24	static
../Core/Src/main.c:1212:6:HAL_TIM_PeriodElapsedCallback	16	static
../Core/Src/main.c:1230:6:Error_Handler	4	static,ignoring_inline_asm
