../Core/Src/packet_task.c:54:6:packet_init	8	static
../Core/Src/packet_task.c:67:5:packet_rcv	24	static
../Core/Src/packet_task.c:130:5:packet_task	16	static
../Core/Src/packet_task.c:224:5:pk_c2i	24	static
../Core/Src/packet_task.c:235:5:pk_str2int	24	static
../Core/Src/packet_task.c:249:6:pk_int2str	24	static
../Core/Src/packet_task.c:284:5:packet_ontime	144	static
../Core/Src/packet_task.c:417:5:packet_delay	144	static
../Core/Src/packet_task.c:551:5:packet_block	144	static
../Core/Src/packet_task.c:685:5:packet_trig_mode	144	static
../Core/Src/packet_task.c:820:5:packet_user_save	16	static
../Core/Src/packet_task.c:833:6:load_user_param	16	static
../Core/Src/packet_task.c:842:5:packet_user_load	16	static
../Core/Src/packet_task.c:853:5:packet_user_default	136	static
../Core/Src/packet_task.c:882:5:packet_inter_lock	136	static
../Core/Src/packet_task.c:913:5:packet_seq_repeat	136	static
../Core/Src/packet_task.c:956:5:packet_seq_start	136	static
../Core/Src/packet_task.c:982:5:packet_seq_end	136	static
../Core/Src/packet_task.c:1008:5:packet_network_ip	16	static
../Core/Src/packet_task.c:1016:5:packet_version	16	static
../Core/Src/packet_task.c:1025:5:packet_sys_rst	16	static
../Core/Src/packet_task.c:1035:5:packet_factory_rst	16	static
../Core/Src/packet_task.c:1045:5:packet_sw_trigger	24	static
../Core/Src/packet_task.c:1066:5:packet_operate_mode	16	static
../Core/Src/packet_task.c:1080:5:packet_sw_sequence	16	static
../Core/Src/packet_task.c:1108:5:packet_sequence	160	static
