../Core/Src/stm32h7xx_hal_msp.c:63:6:HAL_MspInit	16	static
../Core/Src/stm32h7xx_hal_msp.c:87:6:HAL_DMA2D_MspInit	24	static
../Core/Src/stm32h7xx_hal_msp.c:110:6:HAL_DMA2D_MspDeInit	16	static
../Core/Src/stm32h7xx_hal_msp.c:132:6:HAL_I2C_MspInit	240	static
../Core/Src/stm32h7xx_hal_msp.c:179:6:HAL_I2C_MspDeInit	16	static
../Core/Src/stm32h7xx_hal_msp.c:210:6:HAL_LTDC_MspInit	264	static
../Core/Src/stm32h7xx_hal_msp.c:361:6:HAL_LTDC_MspDeInit	16	static
../Core/Src/stm32h7xx_hal_msp.c:423:6:HAL_UART_MspInit	248	static
../Core/Src/stm32h7xx_hal_msp.c:504:6:HAL_UART_MspDeInit	16	static
../Core/Src/stm32h7xx_hal_msp.c:547:13:HAL_FMC_MspInit	232	static
../Core/Src/stm32h7xx_hal_msp.c:663:6:HAL_SDRAM_MspInit	16	static
../Core/Src/stm32h7xx_hal_msp.c:675:13:HAL_FMC_MspDeInit	8	static
../Core/Src/stm32h7xx_hal_msp.c:747:6:HAL_SDRAM_MspDeInit	16	static
