/Users/alrenm3/work/Ihill/UB100/firmware/STM32H743ZIT6/Middlewares/lvgl/src/core/../misc/lv_style.h:531:20:lv_style_set_pad_all	16	static
/Users/alrenm3/work/Ihill/UB100/firmware/STM32H743ZIT6/Middlewares/lvgl/src/core/lv_obj_style.h:196:20:lv_obj_set_style_pad_all	24	static
/Users/alrenm3/work/Ihill/UB100/firmware/STM32H743ZIT6/Middlewares/lvgl/src/lv_api_map_v8.h:86:20:lv_obj_move_foreground	24	static
../Core/Src/widgets.c:33:19:DISP_W	16	static
../Core/Src/widgets.c:37:19:DISP_H	16	static
../Core/Src/widgets.c:135:13:styles_init	88	static
../Core/Src/widgets.c:223:13:ch_edit_timer_cb	56	static
../Core/Src/widgets.c:288:12:ch_get_focused_field	24	static
../Core/Src/widgets.c:299:13:ch_panel_refresh	120	static
../Core/Src/widgets.c:318:19:ch_make_item	48	static
../Core/Src/widgets.c:353:13:ch_item_event_cb	32	static
../Core/Src/widgets.c:374:13:CHPannel_close	32	static
../Core/Src/widgets.c:410:13:CHPannel_mask_event_cb	24	static
../Core/Src/widgets.c:420:13:CHPannel_close_btn_cb	24	static
../Core/Src/widgets.c:436:13:CH_open	112	static
../Core/Src/widgets.c:610:13:hotkey_poll_cb	24	static
../Core/Src/widgets.c:669:13:table_row_event_cb	40	static
../Core/Src/widgets.c:708:19:make_tag	32	static
../Core/Src/widgets.c:719:19:make_btn	32	static
../Core/Src/widgets.c:736:19:table_cell_label	32	static
../Core/Src/widgets.c:747:19:table_cell_btn	32	static
../Core/Src/widgets.c:769:19:table_btn_label	16	static
../Core/Src/widgets.c:776:6:table_format_cell	48	static
../Core/Src/widgets.c:798:13:table_free	24	static
../Core/Src/widgets.c:823:13:table_build	112	static
../Core/Src/widgets.c:919:13:encoder_group_rebuild	24	static
../Core/Src/widgets.c:939:15:widgets_create_strobe_screen	88	static
../Core/Src/widgets.c:1109:6:widgets_bind_encoder	24	static
../Core/Src/widgets.c:1133:6:widgets_table_set_channel_count	16	static
../Core/Src/widgets.c:1152:6:widgets_table_set_cell	24	static
../Core/Src/widgets.c:1161:6:widgets_destroy_strobe_screen	16	static
