../Middlewares/lvgl/src/misc/cache/lv_cache.c:327:13:cache_evict_one_internal_no_lock	16	static
../Middlewares/lvgl/src/misc/cache/lv_cache.c:342:27:cache_add_internal_no_lock	24	static
../Middlewares/lvgl/src/misc/cache/lv_cache.c:46:14:lv_cache_create	24	static
../Middlewares/lvgl/src/misc/cache/lv_cache.c:70:6:lv_cache_destroy	8	static
../Middlewares/lvgl/src/misc/cache/lv_cache.c:81:20:lv_cache_acquire	8	static
../Middlewares/lvgl/src/misc/cache/lv_cache.c:106:6:lv_cache_release	16	static
../Middlewares/lvgl/src/misc/cache/lv_cache.c:123:20:lv_cache_add	8	static
../Middlewares/lvgl/src/misc/cache/lv_cache.c:147:20:lv_cache_acquire_or_create	24	static
../Middlewares/lvgl/src/misc/cache/lv_cache.c:197:6:lv_cache_reserve	24	static
../Middlewares/lvgl/src/misc/cache/lv_cache.c:210:6:lv_cache_drop	16	static
../Middlewares/lvgl/src/misc/cache/lv_cache.c:223:6:lv_cache_evict_one	0	static
../Middlewares/lvgl/src/misc/cache/lv_cache.c:236:6:lv_cache_drop_all	0	static
../Middlewares/lvgl/src/misc/cache/lv_cache.c:249:6:lv_cache_set_max_size	0	static
../Middlewares/lvgl/src/misc/cache/lv_cache.c:254:8:lv_cache_get_max_size	0	static
../Middlewares/lvgl/src/misc/cache/lv_cache.c:259:8:lv_cache_get_size	0	static
../Middlewares/lvgl/src/misc/cache/lv_cache.c:264:8:lv_cache_get_free_size	0	static
../Middlewares/lvgl/src/misc/cache/lv_cache.c:269:6:lv_cache_is_enabled	0	static
../Middlewares/lvgl/src/misc/cache/lv_cache.c:273:6:lv_cache_set_compare_cb	0	static
../Middlewares/lvgl/src/misc/cache/lv_cache.c:278:6:lv_cache_set_create_cb	0	static
../Middlewares/lvgl/src/misc/cache/lv_cache.c:283:6:lv_cache_set_free_cb	0	static
../Middlewares/lvgl/src/misc/cache/lv_cache.c:288:6:lv_cache_set_name	0	static
../Middlewares/lvgl/src/misc/cache/lv_cache.c:293:14:lv_cache_get_name	0	static
../Middlewares/lvgl/src/misc/cache/lv_cache.c:298:13:lv_cache_iter_create	0	static
