../Middlewares/lvgl/src/widgets/scale/lv_scale.c:1459:13:scale_find_section_tick_idx	56	static
../Middlewares/lvgl/src/widgets/scale/../../core/lv_obj_style_gen.h:172:23:lv_obj_get_style_pad_right	16	static
../Middlewares/lvgl/src/widgets/scale/../../core/lv_obj_style_gen.h:166:23:lv_obj_get_style_pad_left	16	static
../Middlewares/lvgl/src/widgets/scale/../../core/lv_obj_style_gen.h:154:23:lv_obj_get_style_pad_top	16	static
../Middlewares/lvgl/src/widgets/scale/../../core/lv_obj_style_gen.h:160:23:lv_obj_get_style_pad_bottom	16	static
../Middlewares/lvgl/src/widgets/scale/lv_scale.c:1039:13:scale_get_center	40	static
../Middlewares/lvgl/src/widgets/scale/lv_scale.c:1232:13:scale_get_label_coords	48	static
../Middlewares/lvgl/src/widgets/scale/lv_scale.c:514:13:lv_scale_destructor	16	static
../Middlewares/lvgl/src/widgets/scale/lv_scale.c:485:13:lv_scale_constructor	8	static
../Middlewares/lvgl/src/widgets/scale/lv_scale.c:1659:13:scale_free_line_needle_points_cb	8	static
../Middlewares/lvgl/src/widgets/scale/lv_scale.c:1288:13:scale_set_line_properties	32	static
../Middlewares/lvgl/src/widgets/scale/lv_scale.c:862:13:scale_draw_main	216	static
../Middlewares/lvgl/src/widgets/scale/lv_scale.c:1065:13:scale_get_tick_points	168	static
../Middlewares/lvgl/src/widgets/scale/lv_scale.c:803:13:scale_calculate_main_compensation	192	static
../Middlewares/lvgl/src/widgets/scale/lv_scale.c:583:13:scale_draw_indicator	560	static
../Middlewares/lvgl/src/widgets/scale/lv_scale.c:531:13:lv_scale_event	16	static
../Middlewares/lvgl/src/widgets/scale/lv_scale.c:94:12:lv_scale_create	8	static
../Middlewares/lvgl/src/widgets/scale/lv_scale.c:114:6:lv_scale_set_mode	0	static
../Middlewares/lvgl/src/widgets/scale/lv_scale.c:124:6:lv_scale_set_total_tick_count	0	static
../Middlewares/lvgl/src/widgets/scale/lv_scale.c:134:6:lv_scale_set_major_tick_every	0	static
../Middlewares/lvgl/src/widgets/scale/lv_scale.c:144:6:lv_scale_set_label_show	0	static
../Middlewares/lvgl/src/widgets/scale/lv_scale.c:154:6:lv_scale_set_range	0	static
../Middlewares/lvgl/src/widgets/scale/lv_scale.c:165:6:lv_scale_set_angle_range	0	static
../Middlewares/lvgl/src/widgets/scale/lv_scale.c:175:6:lv_scale_set_rotation	0	static
../Middlewares/lvgl/src/widgets/scale/lv_scale.c:193:6:lv_scale_set_line_needle_value	56	static
../Middlewares/lvgl/src/widgets/scale/lv_scale.c:275:6:lv_scale_set_image_needle_value	8	static
../Middlewares/lvgl/src/widgets/scale/lv_scale.c:298:6:lv_scale_set_text_src	0	static
../Middlewares/lvgl/src/widgets/scale/lv_scale.c:315:6:lv_scale_set_post_draw	0	static
../Middlewares/lvgl/src/widgets/scale/lv_scale.c:325:6:lv_scale_set_draw_ticks_on_top	0	static
../Middlewares/lvgl/src/widgets/scale/lv_scale.c:335:22:lv_scale_add_section	8	static
../Middlewares/lvgl/src/widgets/scale/lv_scale.c:356:6:lv_scale_set_section_range	0	static
../Middlewares/lvgl/src/widgets/scale/lv_scale.c:367:6:lv_scale_section_set_range	0	static
../Middlewares/lvgl/src/widgets/scale/lv_scale.c:376:6:lv_scale_set_section_style_main	0	static
../Middlewares/lvgl/src/widgets/scale/lv_scale.c:385:6:lv_scale_set_section_style_indicator	0	static
../Middlewares/lvgl/src/widgets/scale/lv_scale.c:394:6:lv_scale_set_section_style_items	0	static
../Middlewares/lvgl/src/widgets/scale/lv_scale.c:403:6:lv_scale_section_set_style	0	static
../Middlewares/lvgl/src/widgets/scale/lv_scale.c:429:17:lv_scale_get_mode	0	static
../Middlewares/lvgl/src/widgets/scale/lv_scale.c:435:9:lv_scale_get_total_tick_count	0	static
../Middlewares/lvgl/src/widgets/scale/lv_scale.c:441:9:lv_scale_get_major_tick_every	0	static
../Middlewares/lvgl/src/widgets/scale/lv_scale.c:447:9:lv_scale_get_rotation	0	static
../Middlewares/lvgl/src/widgets/scale/lv_scale.c:453:6:lv_scale_get_label_show	0	static
../Middlewares/lvgl/src/widgets/scale/lv_scale.c:459:10:lv_scale_get_angle_range	0	static
../Middlewares/lvgl/src/widgets/scale/lv_scale.c:465:9:lv_scale_get_range_min_value	0	static
../Middlewares/lvgl/src/widgets/scale/lv_scale.c:471:9:lv_scale_get_range_max_value	0	static
