../Middlewares/lvgl/src/draw/../misc/lv_text_private.h:166:20:lv_text_is_marker	0	static
../Middlewares/lvgl/src/draw/lv_draw_label.c:556:16:hex_char_to_num	0	static
../Middlewares/lvgl/src/draw/lv_draw_label.c:63:6:lv_draw_letter_dsc_init	8	static
../Middlewares/lvgl/src/draw/lv_draw_label.c:75:6:lv_draw_label_dsc_init	8	static
../Middlewares/lvgl/src/draw/lv_draw_label.c:90:23:lv_draw_task_get_label_dsc	0	static
../Middlewares/lvgl/src/draw/lv_draw_label.c:95:6:lv_draw_glyph_dsc_init	0	static
../Middlewares/lvgl/src/draw/lv_draw_label.c:100:28:lv_draw_label	24	static
../Middlewares/lvgl/src/draw/lv_draw_label.c:126:28:lv_draw_character	80	static
../Middlewares/lvgl/src/draw/lv_draw_label.c:166:28:lv_draw_letter	72	static
../Middlewares/lvgl/src/draw/lv_draw_label.c:563:6:lv_draw_unit_draw_letter	88	static
../Middlewares/lvgl/src/draw/lv_draw_label.c:199:6:lv_draw_label_iterate_characters	304	static
