../Middlewares/lvgl/src/draw/lv_draw.c:61:6:lv_draw_init	0	static
../Middlewares/lvgl/src/draw/lv_draw.c:68:6:lv_draw_deinit	16	static
../Middlewares/lvgl/src/draw/lv_draw.c:85:8:lv_draw_create_unit	8	static
../Middlewares/lvgl/src/draw/lv_draw.c:99:18:lv_draw_add_task	24	static
../Middlewares/lvgl/src/draw/lv_draw.c:193:6:lv_draw_wait_for_finish	0	static
../Middlewares/lvgl/src/draw/lv_draw.c:233:6:lv_draw_dispatch_layer	32	static
../Middlewares/lvgl/src/draw/lv_draw.c:212:6:lv_draw_dispatch	24	static
../Middlewares/lvgl/src/draw/lv_draw.c:132:6:lv_draw_finalize_task_creation	24	static
../Middlewares/lvgl/src/draw/lv_draw.c:295:6:lv_draw_dispatch_wait_for_request	0	static
../Middlewares/lvgl/src/draw/lv_draw.c:307:6:lv_draw_dispatch_request	0	static
../Middlewares/lvgl/src/draw/lv_draw.c:318:10:lv_draw_get_unit_count	0	static
../Middlewares/lvgl/src/draw/lv_draw.c:333:18:lv_draw_get_next_available_task	40	static
../Middlewares/lvgl/src/draw/lv_draw.c:323:18:lv_draw_get_available_task	4	static
../Middlewares/lvgl/src/draw/lv_draw.c:366:10:lv_draw_get_dependent_count	16	static
../Middlewares/lvgl/src/draw/lv_draw.c:394:6:lv_layer_reset	8	static
../Middlewares/lvgl/src/draw/lv_draw.c:387:6:lv_layer_init	8	static
../Middlewares/lvgl/src/draw/lv_draw.c:426:6:lv_draw_layer_init	24	static
../Middlewares/lvgl/src/draw/lv_draw.c:404:14:lv_draw_layer_create	24	static
../Middlewares/lvgl/src/draw/lv_draw.c:453:8:lv_draw_layer_alloc_buf	24	static
../Middlewares/lvgl/src/draw/lv_draw.c:495:8:lv_draw_layer_go_to_xy	0	static
../Middlewares/lvgl/src/draw/lv_draw.c:500:21:lv_draw_task_get_type	0	static
../Middlewares/lvgl/src/draw/lv_draw.c:505:8:lv_draw_task_get_draw_dsc	0	static
../Middlewares/lvgl/src/draw/lv_draw.c:510:6:lv_draw_task_get_area	8	static
