../Middlewares/lvgl/src/draw/lv_draw_image.c:335:13:img_decode_and_draw	128	static
../Middlewares/lvgl/src/draw/lv_draw_image.c:50:6:lv_draw_image_dsc_init	8	static
../Middlewares/lvgl/src/draw/lv_draw_image.c:62:23:lv_draw_task_get_image_dsc	0	static
../Middlewares/lvgl/src/draw/lv_draw_image.c:188:16:lv_image_src_get_type	0	static
../Middlewares/lvgl/src/draw/lv_draw_image.c:245:6:lv_draw_image_tiled_helper	200	static
../Middlewares/lvgl/src/draw/lv_draw_image.c:304:6:lv_image_buf_get_transformed_area	72	static
../Middlewares/lvgl/src/draw/lv_draw_image.c:67:6:lv_draw_layer	48	static
../Middlewares/lvgl/src/draw/lv_draw_image.c:98:6:lv_draw_image	304	static
../Middlewares/lvgl/src/draw/lv_draw_image.c:205:6:lv_draw_image_normal_helper	152	static
