../Middlewares/lvgl/src/draw/lv_image_decoder.c:297:29:image_decoder_get_info	64	static
../Middlewares/lvgl/src/draw/lv_image_decoder.c:59:6:lv_image_decoder_init	16	static
../Middlewares/lvgl/src/draw/lv_image_decoder.c:71:6:lv_image_decoder_deinit	8	static
../Middlewares/lvgl/src/draw/lv_image_decoder.c:79:13:lv_image_decoder_get_info	96	static
../Middlewares/lvgl/src/draw/lv_image_decoder.c:92:13:lv_image_decoder_open	40	static
../Middlewares/lvgl/src/draw/lv_image_decoder.c:150:13:lv_image_decoder_get_area	8	static
../Middlewares/lvgl/src/draw/lv_image_decoder.c:159:6:lv_image_decoder_close	8	static
../Middlewares/lvgl/src/draw/lv_image_decoder.c:175:22:lv_image_decoder_create	8	static
../Middlewares/lvgl/src/draw/lv_image_decoder.c:187:6:lv_image_decoder_delete	8	static
../Middlewares/lvgl/src/draw/lv_image_decoder.c:193:22:lv_image_decoder_get_next	0	static
../Middlewares/lvgl/src/draw/lv_image_decoder.c:201:6:lv_image_decoder_set_info_cb	0	static
../Middlewares/lvgl/src/draw/lv_image_decoder.c:206:6:lv_image_decoder_set_open_cb	0	static
../Middlewares/lvgl/src/draw/lv_image_decoder.c:211:6:lv_image_decoder_set_get_area_cb	0	static
../Middlewares/lvgl/src/draw/lv_image_decoder.c:216:6:lv_image_decoder_set_close_cb	0	static
../Middlewares/lvgl/src/draw/lv_image_decoder.c:221:20:lv_image_decoder_add_to_cache	24	static
../Middlewares/lvgl/src/draw/lv_image_decoder.c:244:17:lv_image_decoder_post_process	24	static
