../Middlewares/lvgl/src/widgets/buttonmatrix/lv_buttonmatrix.c:1078:13:free_map	16	static
../Middlewares/lvgl/src/widgets/buttonmatrix/lv_buttonmatrix.c:311:13:lv_buttonmatrix_destructor	8	static
../Middlewares/lvgl/src/widgets/buttonmatrix/../../core/lv_obj_style_gen.h:184:23:lv_obj_get_style_pad_column.constprop	16	static
../Middlewares/lvgl/src/widgets/buttonmatrix/lv_buttonmatrix.c:909:13:invalidate_button_area	64	static
../Middlewares/lvgl/src/widgets/buttonmatrix/lv_buttonmatrix.c:600:13:draw_main	568	static
../Middlewares/lvgl/src/widgets/buttonmatrix/lv_buttonmatrix.c:993:13:update_map	112	static
../Middlewares/lvgl/src/widgets/buttonmatrix/lv_buttonmatrix.c:856:17:get_button_from_point	96	static
../Middlewares/lvgl/src/widgets/buttonmatrix/lv_buttonmatrix.c:90:12:lv_buttonmatrix_create	8	static
../Middlewares/lvgl/src/widgets/buttonmatrix/lv_buttonmatrix.c:102:6:lv_buttonmatrix_set_map	24	static
../Middlewares/lvgl/src/widgets/buttonmatrix/lv_buttonmatrix.c:290:13:lv_buttonmatrix_constructor	0	static
../Middlewares/lvgl/src/widgets/buttonmatrix/lv_buttonmatrix.c:118:6:lv_buttonmatrix_set_ctrl_map	8	static
../Middlewares/lvgl/src/widgets/buttonmatrix/lv_buttonmatrix.c:128:6:lv_buttonmatrix_set_selected_button	16	static
../Middlewares/lvgl/src/widgets/buttonmatrix/lv_buttonmatrix.c:161:6:lv_buttonmatrix_clear_button_ctrl	16	static
../Middlewares/lvgl/src/widgets/buttonmatrix/lv_buttonmatrix.c:188:6:lv_buttonmatrix_clear_button_ctrl_all	16	static
../Middlewares/lvgl/src/widgets/buttonmatrix/lv_buttonmatrix.c:141:6:lv_buttonmatrix_set_button_ctrl	16	static
../Middlewares/lvgl/src/widgets/buttonmatrix/lv_buttonmatrix.c:177:6:lv_buttonmatrix_set_button_ctrl_all	16	static
../Middlewares/lvgl/src/widgets/buttonmatrix/lv_buttonmatrix.c:199:6:lv_buttonmatrix_set_button_width	4	static
../Middlewares/lvgl/src/widgets/buttonmatrix/lv_buttonmatrix.c:226:22:lv_buttonmatrix_get_map	0	static
../Middlewares/lvgl/src/widgets/buttonmatrix/lv_buttonmatrix.c:234:10:lv_buttonmatrix_get_selected_button	0	static
../Middlewares/lvgl/src/widgets/buttonmatrix/lv_buttonmatrix.c:242:14:lv_buttonmatrix_get_button_text	32	static
../Middlewares/lvgl/src/widgets/buttonmatrix/lv_buttonmatrix.c:267:6:lv_buttonmatrix_has_button_ctrl	0	static
../Middlewares/lvgl/src/widgets/buttonmatrix/lv_buttonmatrix.c:952:13:make_one_button_checked	16	static
../Middlewares/lvgl/src/widgets/buttonmatrix/lv_buttonmatrix.c:323:13:lv_buttonmatrix_event	48	static
../Middlewares/lvgl/src/widgets/buttonmatrix/lv_buttonmatrix.c:211:6:lv_buttonmatrix_set_one_checked	0	static
../Middlewares/lvgl/src/widgets/buttonmatrix/lv_buttonmatrix.c:277:6:lv_buttonmatrix_get_one_checked	0	static
