../Middlewares/lvgl/src/themes/mono/lv_theme_mono.c:232:13:theme_apply	48	static
../Middlewares/lvgl/src/themes/mono/../../core/../misc/lv_style.h:531:20:lv_style_set_pad_all	16	static
../Middlewares/lvgl/src/themes/mono/lv_theme_mono.c:183:6:lv_theme_mono_is_inited	0	static
../Middlewares/lvgl/src/themes/mono/lv_theme_mono.c:530:13:style_init_reset	8	static
../Middlewares/lvgl/src/themes/mono/lv_theme_mono.c:190:6:lv_theme_mono_deinit	16	static
../Middlewares/lvgl/src/themes/mono/lv_theme_mono.c:206:14:lv_theme_mono_init	104	static
../Middlewares/lvgl/src/themes/mono/lv_theme_mono.c:518:14:lv_theme_mono_get	8	static
