../Middlewares/lvgl/src/libs/bin_decoder/lv_bin_decoder.c:114:13:lv_bin_decoder_info	24	static
../Middlewares/lvgl/src/libs/bin_decoder/lv_bin_decoder.c:1083:20:fs_read_file_at	24	static
../Middlewares/lvgl/src/libs/bin_decoder/lv_bin_decoder.c:550:13:free_decoder_data	16	static
../Middlewares/lvgl/src/libs/bin_decoder/lv_bin_decoder.c:377:6:lv_bin_decoder_close	16	static
../Middlewares/lvgl/src/libs/bin_decoder/lv_bin_decoder.c:533:25:get_decoder_data	8	static
../Middlewares/lvgl/src/libs/bin_decoder/lv_bin_decoder.c:390:13:lv_bin_decoder_get_area	64	static
../Middlewares/lvgl/src/libs/bin_decoder/lv_bin_decoder.c:839:20:decode_alpha_only.isra	56	static
../Middlewares/lvgl/src/libs/bin_decoder/lv_bin_decoder.c:567:20:decode_indexed.isra	48	static
../Middlewares/lvgl/src/libs/bin_decoder/lv_bin_decoder.c:185:13:lv_bin_decoder_open	64	static
../Middlewares/lvgl/src/libs/bin_decoder/lv_bin_decoder.c:95:6:lv_bin_decoder_init	8	static
