../Middlewares/lvgl/src/draw/sw/blend/lv_draw_sw_blend_to_i1.c:1259:42:set_bit	0	static
../Middlewares/lvgl/src/draw/sw/blend/lv_draw_sw_blend_to_i1.c:1264:42:clear_bit	0	static
../Middlewares/lvgl/src/draw/sw/blend/lv_draw_sw_blend_to_i1.c:1269:45:get_bit	0	static
../Middlewares/lvgl/src/draw/sw/blend/lv_draw_sw_blend_to_i1.c:1274:50:lv_color16_from_u16	0	static
../Middlewares/lvgl/src/draw/sw/blend/lv_draw_sw_blend_to_i1.c:1240:42:lv_color_8_8_mix	8	static
../Middlewares/lvgl/src/draw/sw/blend/lv_draw_sw_blend_to_i1.c:1207:42:blend_non_normal_pixel	40	static
../Middlewares/lvgl/src/draw/sw/blend/lv_draw_sw_blend_to_i1.c:841:35:rgb888_image_blend	80	static
../Middlewares/lvgl/src/draw/sw/blend/lv_draw_sw_blend_to_i1.c:225:28:lv_draw_sw_blend_color_to_i1	48	static
../Middlewares/lvgl/src/draw/sw/blend/lv_draw_sw_blend_to_i1.c:331:28:lv_draw_sw_blend_image_to_i1	80	static
