../Middlewares/lvgl/src/draw/sw/blend/lv_draw_sw_blend_to_argb8888.c:1308:45:get_bit	0	static
../Middlewares/lvgl/src/draw/sw/blend/lv_draw_sw_blend_to_argb8888.c:1257:50:lv_color_32_32_mix	32	static
../Middlewares/lvgl/src/draw/sw/blend/lv_draw_sw_blend_to_argb8888.c:1315:42:blend_non_normal_pixel	32	static
../Middlewares/lvgl/src/draw/sw/blend/lv_draw_sw_blend_to_argb8888.c:1238:42:lv_color_8_32_mix	0	static
../Middlewares/lvgl/src/draw/sw/blend/lv_draw_sw_blend_to_argb8888.c:1297:6:lv_color_mix_with_alpha_cache_init	8	static
../Middlewares/lvgl/src/draw/sw/blend/lv_draw_sw_blend_to_argb8888.c:890:35:rgb888_image_blend	88	static
../Middlewares/lvgl/src/draw/sw/blend/lv_draw_sw_blend_to_argb8888.c:236:28:lv_draw_sw_blend_color_to_argb8888	72	static
../Middlewares/lvgl/src/draw/sw/blend/lv_draw_sw_blend_to_argb8888.c:343:28:lv_draw_sw_blend_image_to_argb8888	88	static
