../Middlewares/lvgl/src/draw/sw/blend/lv_draw_sw_blend_to_argb8888_premultiplied.c:730:28:lv_color_32_32_mix_premul	64	static
../Middlewares/lvgl/src/draw/sw/blend/lv_draw_sw_blend_to_argb8888_premultiplied.c:789:42:blend_non_normal_pixel_premultiplied	40	static
../Middlewares/lvgl/src/draw/sw/blend/lv_draw_sw_blend_to_argb8888_premultiplied.c:773:13:lv_color_mix_with_alpha_cache_init	8	static
../Middlewares/lvgl/src/draw/sw/blend/lv_draw_sw_blend_to_argb8888_premultiplied.c:447:35:rgb888_image_blend	88	static
../Middlewares/lvgl/src/draw/sw/blend/lv_draw_sw_blend_to_argb8888_premultiplied.c:130:28:lv_draw_sw_blend_color_to_argb8888_premultiplied	96	static
../Middlewares/lvgl/src/draw/sw/blend/lv_draw_sw_blend_to_argb8888_premultiplied.c:234:28:lv_draw_sw_blend_image_to_argb8888_premultiplied	88	static
